// Jest Snapshot v1, https://goo.gl/fbAQLP

exports[`Server Setup: users query should return "bob", "john", and "jane" 1`] = `
Object {
  "data": Object {
    "users": Array [
      Object {
        "bestFriend": Object {
          "id": 2,
          "name": "john",
        },
        "expensiveBestFriend": Object {
          "expensiveBestFriend": Object {
            "expensiveBestFriend": Object {
              "id": 1,
              "name": "bob",
            },
          },
          "id": 2,
          "name": "john",
        },
        "friends": Array [
          Object {
            "id": 2,
            "name": "john",
          },
          Object {
            "id": 3,
            "name": "jane",
          },
        ],
        "id": 1,
        "name": "bob",
      },
      Object {
        "bestFriend": Object {
          "id": 3,
          "name": "jane",
        },
        "expensiveBestFriend": Object {
          "expensiveBestFriend": Object {
            "expensiveBestFriend": Object {
              "id": 2,
              "name": "john",
            },
          },
          "id": 3,
          "name": "jane",
        },
        "friends": Array [
          Object {
            "id": 3,
            "name": "jane",
          },
          Object {
            "id": 1,
            "name": "bob",
          },
        ],
        "id": 2,
        "name": "john",
      },
      Object {
        "bestFriend": Object {
          "id": 1,
          "name": "bob",
        },
        "expensiveBestFriend": Object {
          "expensiveBestFriend": Object {
            "expensiveBestFriend": Object {
              "id": 3,
              "name": "jane",
            },
          },
          "id": 1,
          "name": "bob",
        },
        "friends": Array [
          Object {
            "id": 1,
            "name": "bob",
          },
          Object {
            "id": 2,
            "name": "john",
          },
        ],
        "id": 3,
        "name": "jane",
      },
    ],
  },
}
`;
