// Jest Snapshot v1, https://goo.gl/fbAQLP

exports[`Prop Decorator Metadata should map prop to "MyType 1`] = `
Map {
  "prop" => "MyType!",
}
`;

exports[`Prop Decorator Metatdata should be a map of prop name to name of type constructor 1`] = `
Map {
  "string" => "String",
  "number" => "Number",
  "bool" => "Boolean",
  "stringStatic" => "String",
  "numberStatic" => "Number",
  "boolStatic" => "Boolean",
}
`;
